client/check-console-errors.js
client/postcss.config.js
client/public/sw.js
client/src/App.tsx
client/src/components/ApiHealthIndicator.tsx
client/src/components/auth/AuthSheetProvider.tsx
client/src/components/AuthTest.tsx
client/src/components/BetCard.tsx
client/src/components/BottomNavigation.tsx
client/src/components/CategoryFilter.tsx
client/src/components/CommentSystem.tsx
client/src/components/common/Logo.tsx
client/src/components/common/UserAvatar.tsx
client/src/components/ErrorBoundary.tsx
client/src/components/IOSInstallModal.tsx
client/src/components/layouts/AuthLayout.tsx
client/src/components/layouts/MainLayout.tsx
client/src/components/LoadingScreen.tsx
client/src/components/MainLayout.tsx
client/src/components/modals/ChatModal.tsx
client/src/components/modals/CommentModal.tsx
client/src/components/modals/ConfirmationModal.tsx
client/src/components/modals/DisputeResolutionModal.tsx
client/src/components/modals/EditModal.tsx
client/src/components/modals/SettlementModal.tsx
client/src/components/modals/SettlementValidationModal.tsx
client/src/components/ModernBottomNavigation.tsx
client/src/components/ModernMainLayout.tsx
client/src/components/navigation/BottomNavigation.tsx
client/src/components/navigation/TopHeader.tsx
client/src/components/notifications/NotificationCenter.tsx
client/src/components/notifications/NotificationComponents.tsx
client/src/components/notifications/ToastNotification.tsx
client/src/components/onboarding/EnhancedOnboardingProvider.tsx
client/src/components/onboarding/EnhancedOnboardingSystem.tsx
client/src/components/onboarding/EnhancedTourBootstrap.tsx
client/src/components/onboarding/FixedOnboardingProvider.tsx
client/src/components/onboarding/GuidedTour.tsx
client/src/components/onboarding/OnboardingModal.tsx
client/src/components/onboarding/OnboardingProvider.tsx
client/src/components/onboarding/OnboardingSystem.tsx
client/src/components/onboarding/TourBootstrap.tsx
client/src/components/onboarding/TourProvider.tsx
client/src/components/onboarding/TourProviderCompat.tsx
client/src/components/PageWrapper.tsx
client/src/components/PredictionCard.tsx
client/src/components/PredictionCardSkeleton.tsx
client/src/components/PredictionPlacementModal.tsx
client/src/components/predictions/CommentsModal.tsx
client/src/components/predictions/PlacePredictionModal.tsx
client/src/components/predictions/SettlementCriteriaSetup.tsx
client/src/components/predictions/TrendingPredictions.tsx
client/src/components/ProfileRoute.tsx
client/src/components/PWAInstallBanner.tsx
client/src/components/PWAInstallManager.tsx
client/src/components/ReliableBottomNavigation.tsx
client/src/components/ReliableMainLayout.tsx
client/src/components/Router.tsx
client/src/components/SearchHeader.tsx
client/src/components/SimpleBottomNavigation.tsx
client/src/components/SimpleMainLayout.tsx
client/src/components/SmartInstallPrompt.tsx
client/src/components/social/SharePrediction.tsx
client/src/components/TappableUsername.tsx
client/src/components/TopUpdateToast.tsx
client/src/components/ui/avatar.tsx
client/src/components/ui/badge.tsx
client/src/components/ui/button.tsx
client/src/components/ui/card.tsx
client/src/components/ui/input.tsx
client/src/components/ui/label.tsx
client/src/components/ui/Notification.tsx
client/src/components/ui/NotificationContainer.tsx
client/src/components/ui/radio-group.tsx
client/src/components/ui/select.tsx
client/src/components/ui/separator.tsx
client/src/components/ui/Skeleton.tsx
client/src/components/ui/tabs.tsx
client/src/components/ui/textarea.tsx
client/src/components/UpdateNotification.tsx
client/src/config/index.ts
client/src/hooks/use-toast.ts
client/src/hooks/useComments.ts
client/src/hooks/useInfiniteScroll.ts
client/src/hooks/useScrollPreservation.ts
client/src/hooks/useSearchAndFilter.ts
client/src/hooks/useSettlement.ts
client/src/lib/api.ts
client/src/lib/apiUtils.ts
client/src/lib/environment.ts
client/src/lib/logger.ts
client/src/lib/supabase.ts
client/src/lib/utils.ts
client/src/lib/version.ts
client/src/main.tsx
client/src/pages/auth/AuthCallbackPage.tsx
client/src/pages/auth/AuthPage.tsx
client/src/pages/auth/LoginPage.tsx
client/src/pages/auth/RegisterPage.tsx
client/src/pages/CreateDiscussionPage.tsx
client/src/pages/CreatePredictionPage.tsx
client/src/pages/DiscoverPage.tsx
client/src/pages/DiscussionDetailPage.tsx
client/src/pages/EnhancedWalletPage.tsx
client/src/pages/index.tsx
client/src/pages/PredictionDetailsPage.tsx
client/src/pages/PredictionsPage.tsx
client/src/pages/ProfilePage.tsx
client/src/pages/SimpleProfilePage.tsx
client/src/pages/SimpleWalletPage.tsx
client/src/pages/WalletPage.tsx
client/src/providers/AuthProvider.tsx
client/src/store/authStore.ts
client/src/store/betStore.ts
client/src/store/chatStore.ts
client/src/store/commentStore.ts
client/src/store/likeStore.ts
client/src/store/notificationStore.ts
client/src/store/predictionStore.ts
client/src/store/scrollStore.ts
client/src/store/settlementStore.ts
client/src/store/socialStore.ts
client/src/store/unifiedCommentStore.ts
client/src/store/walletStore.ts
client/src/types/env.d.ts
client/src/types/user.ts
client/src/utils/pullToRefresh.ts
client/src/utils/pwa.ts
client/src/utils/scroll.ts
client/src/utils/storage.ts
client/src/utils/test-websocket.js
client/tailwind.config.js
client/vite-env.d.ts
client/vite.config.ts
server/dist/config/database.d.ts
server/dist/config/database.js
server/dist/config/index.d.ts
server/dist/config/index.js
server/dist/config/supabase.d.ts
server/dist/config/supabase.js
server/dist/index.d.ts
server/dist/index.js
server/dist/middleware/auth.d.ts
server/dist/middleware/auth.js
server/dist/routes/comments.d.ts
server/dist/routes/comments.js
server/dist/routes/prediction-entries.d.ts
server/dist/routes/prediction-entries.js
server/dist/routes/predictions.d.ts
server/dist/routes/predictions.js
server/dist/routes/settlement.d.ts
server/dist/routes/settlement.js
server/dist/routes/social.d.ts
server/dist/routes/social.js
server/dist/routes/users.d.ts
server/dist/routes/users.js
server/dist/scripts/seedDatabase.d.ts
server/dist/scripts/seedDatabase.js
server/dist/services/social.d.ts
server/dist/services/social.js
server/dist/startup/storage.d.ts
server/dist/startup/storage.js
server/dist/types/auth.d.ts
server/dist/types/auth.js
server/dist/utils/logger.d.ts
server/dist/utils/logger.js
server/src/config/database.ts
server/src/config/index.ts
server/src/config/supabase.ts
server/src/disabled/middleware/auth.ts
server/src/disabled/middleware/error.ts
server/src/disabled/middleware/rate-limit.ts
server/src/disabled/middleware/validation.ts
server/src/disabled/routes/auth.ts
server/src/disabled/routes/clubs.ts
server/src/disabled/routes/settlement.ts
server/src/disabled/routes/social.ts
server/src/disabled/routes/wallet.ts
server/src/disabled/scripts/add-sample-participation.ts
server/src/disabled/scripts/check-duplicate-emails.ts
server/src/disabled/scripts/create-test-users.ts
server/src/disabled/scripts/fix-database-direct.ts
server/src/disabled/scripts/fix-database.ts
server/src/disabled/scripts/migrate-database.ts
server/src/disabled/scripts/run-migration.ts
server/src/disabled/scripts/seed-database.ts
server/src/disabled/scripts/setup-database.ts
server/src/disabled/scripts/test-supabase.ts
server/src/disabled/services/ChatService.js
server/src/disabled/services/ChatService.ts
server/src/disabled/services/CommentWebSocketService.ts
server/src/disabled/services/social.ts
server/src/disabled/services/wallet.ts
server/src/disabled/utils/api.ts
server/src/disabled/utils/auth.ts
server/src/disabled/utils/errorHandling.ts
server/src/disabled/utils/logger-simple.ts
server/src/disabled/utils/logger.ts
server/src/index.ts
server/src/middleware/auth.ts
server/src/routes/prediction-entries.ts
server/src/routes/predictions.ts
server/src/routes/settlement.ts
server/src/routes/social.ts
server/src/routes/users.ts
server/src/scripts/add-settled-at-column.js
server/src/scripts/seedDatabase.ts
server/src/services/social.ts
server/src/startup/storage.ts
server/src/types/auth.ts
server/src/utils/logger.ts
server/test-shared-import.js
shared/dist/index.d.ts
shared/dist/index.js
shared/dist/schema.d.ts
shared/dist/schema.js
shared/dist/schemas.d.ts
shared/dist/schemas.js
shared/dist/types.d.ts
shared/dist/types.js
shared/dist/version.d.ts
shared/dist/version.js
shared/src/index.ts
shared/src/schema.ts
shared/src/schemas.d.ts
shared/src/schemas.js
shared/src/schemas.ts
shared/src/types.d.ts
shared/src/types.js
shared/src/types.ts
shared/src/version.d.ts
shared/src/version.js
shared/src/version.ts
